#-----------------------------------------------------------
# Vivado v2018.3 (64-bit)
# SW Build 2405991 on Thu Dec  6 23:38:27 MST 2018
# IP Build 2404404 on Fri Dec  7 01:43:56 MST 2018
# Start of session at: Sat Apr 30 17:07:50 2022
# Process ID: 10364
# Current directory: D:/Ja/Studia/Polibuda magisterka sem.2/Amsuc/amsuc_vga/vga_project_git/amsuc_vga/vga_driver
# Command line: vivado.exe -gui_launcher_event rodinguilauncherevent23888 D:\Ja\Studia\Polibuda magisterka sem.2\Amsuc\amsuc_vga\vga_project_git\amsuc_vga\vga_driver\vga_driver.xpr
# Log file: D:/Ja/Studia/Polibuda magisterka sem.2/Amsuc/amsuc_vga/vga_project_git/amsuc_vga/vga_driver/vivado.log
# Journal file: D:/Ja/Studia/Polibuda magisterka sem.2/Amsuc/amsuc_vga/vga_project_git/amsuc_vga/vga_driver\vivado.jou
#-----------------------------------------------------------
start_gui
open_project {D:/Ja/Studia/Polibuda magisterka sem.2/Amsuc/amsuc_vga/vga_project_git/amsuc_vga/vga_driver/vga_driver.xpr}
update_compile_order -fileset sources_1
close [ open {D:/Ja/Studia/Polibuda magisterka sem.2/Amsuc/amsuc_vga/vga_project_git/amsuc_vga/vga_driver/vga_driver.srcs/sources_1/new/VGA_select_image.v} w ]
add_files {{D:/Ja/Studia/Polibuda magisterka sem.2/Amsuc/amsuc_vga/vga_project_git/amsuc_vga/vga_driver/vga_driver.srcs/sources_1/new/VGA_select_image.v}}
update_compile_order -fileset sources_1
close [ open {D:/Ja/Studia/Polibuda magisterka sem.2/Amsuc/amsuc_vga/vga_project_git/amsuc_vga/vga_driver/vga_driver.srcs/sources_1/new/image_smile.v} w ]
add_files {{D:/Ja/Studia/Polibuda magisterka sem.2/Amsuc/amsuc_vga/vga_project_git/amsuc_vga/vga_driver/vga_driver.srcs/sources_1/new/image_smile.v}}
update_compile_order -fileset sources_1
reset_run synth_1
launch_runs synth_1 -jobs 2
wait_on_run synth_1
reset_run synth_1
launch_runs synth_1 -jobs 2
wait_on_run synth_1
